info - Signed in sucessfully - 2024-10-29T07:43:43.210Z
info - Signed in sucessfully - 2024-10-29T07:44:51.385Z
info - Signed in sucessfully - 2024-10-29T07:45:10.629Z
error - Operation `employees.find()` buffering timed out after 10000ms - 2024-10-29T09:15:44.912Z
error - Operation `employees.find()` buffering timed out after 10000ms - 2024-10-29T09:16:27.893Z
error - Employee already signed up - 2024-10-29T09:41:48.451Z
error - Employee already signed up - 2024-10-29T09:47:07.383Z
error - user not found - 2024-10-29T10:31:37.253Z
error - user not found - 2024-10-29T10:31:57.676Z
error - password incorrect - 2024-10-29T10:32:02.269Z
error - password incorrect - 2024-10-29T10:32:07.488Z
error - password incorrect - 2024-10-29T10:32:10.506Z
error - password incorrect - 2024-10-29T10:34:06.494Z
error - password incorrect - 2024-10-29T10:35:16.290Z
info - logged in successfully - 2024-10-29T10:36:38.236Z
info - logged in successfully - 2024-10-29T10:37:08.283Z
info - logged in successfully - 2024-11-14T09:40:51.422Z
error - No more pending employees found - 2024-11-14T09:42:29.868Z
error - Employee already signed up - 2024-11-14T09:56:08.585Z
error - Employee already signed up - 2024-11-14T10:46:01.694Z
error - Employee already signed up - 2024-11-14T10:46:26.308Z
error - Employee already signed up - 2024-11-14T10:46:42.846Z
error - Employee already signed up - 2024-11-14T10:50:54.583Z
error - Employee already signed up - 2024-11-14T10:54:59.823Z
info - Signed in sucessfully - 2024-11-14T10:55:24.095Z
info - logged in successfully - 2024-11-14T10:55:32.936Z
info - Signed in sucessfully - 2024-11-14T11:22:27.710Z
error - Employee already signed up - 2024-11-14T11:22:56.064Z
info - Signed in sucessfully - 2024-11-14T11:24:28.015Z
error - No more pending employees found - 2024-11-14T11:25:11.904Z
error - No more pending employees found - 2024-11-14T11:27:58.289Z
error - No more pending employees found - 2024-11-14T13:10:16.494Z
info - Signed in sucessfully - 2024-11-14T13:11:00.738Z
error - No more pending employees found - 2024-11-14T13:11:05.135Z
info - Signed in sucessfully - 2024-11-14T13:12:28.810Z
info - Fetched pending employees successfully - 2024-11-14T13:12:52.026Z
error - Employee already signed up - 2024-11-14T13:33:54.010Z
error - Unexpected token '<', "  <head>
   "... is not valid JSON - 2025-01-12T08:33:13.549Z
error - Unexpected token '<', "  <head>
   "... is not valid JSON - 2025-01-12T08:34:08.424Z
error - Unexpected token '<', "  <head>
   "... is not valid JSON - 2025-01-12T08:34:41.664Z
error - Cannot read properties of undefined (reading 'find') - 2025-01-12T08:44:39.745Z
error - Body is unusable - 2025-01-12T08:45:44.399Z
error - Body is unusable - 2025-01-12T08:46:03.086Z
error - Body is unusable - 2025-01-12T08:47:04.425Z
info - Signed in sucessfully, wait for approval - 2025-01-12T08:48:18.300Z
info - Signed in sucessfully, wait for approval - 2025-01-12T08:48:18.305Z
error - Cannot set headers after they are sent to the client - 2025-01-12T08:48:18.305Z
info - Signed in sucessfully, wait for approval - 2025-01-12T08:49:51.103Z
info - Signed in sucessfully, wait for approval - 2025-01-12T08:49:51.104Z
error - Cannot set headers after they are sent to the client - 2025-01-12T08:49:51.105Z
error - Operation `employees.find()` buffering timed out after 10000ms - 2025-01-12T08:54:08.295Z
info - Signed in sucessfully, wait for approval - 2025-01-12T09:01:26.839Z
info - logged in successfully - 2025-01-12T09:02:48.994Z
info - logged in successfully - 2025-01-12T09:03:45.728Z
info - logged in successfully - 2025-01-12T09:11:15.191Z
error - Cannot read properties of undefined (reading 'logIn') - 2025-01-12T09:12:58.333Z
error - Cannot read properties of undefined (reading 'logIn') - 2025-01-12T09:14:23.220Z
error - passport.authenticate is not a function - 2025-01-12T12:49:26.994Z
error - Internal Server Error - 2025-01-12T12:51:01.986Z
info - logged in successfully - 2025-01-12T12:53:35.663Z
error - Internal Server Error - 2025-01-12T13:35:22.279Z
info - logged in successfully - 2025-01-12T14:44:20.910Z
info - logged in successfully - 2025-01-12T14:58:32.065Z
error - Internal Server Error - 2025-01-12T14:59:19.766Z
info - Fetched pending employees successfully - 2025-01-12T15:25:55.294Z
info - Fetched pending employees successfully - 2025-01-12T15:26:26.943Z
info - Fetched pending employees successfully - 2025-01-12T15:26:51.879Z
error - Cannot read properties of undefined (reading 'find') - 2025-01-12T17:51:20.977Z
error - employeeDetails is not defined - 2025-01-12T17:52:27.382Z
info - approved successfully - 2025-01-12T17:55:16.928Z
info - status updated successfully - 2025-01-12T17:55:46.677Z
info - status updated successfully - 2025-01-12T17:57:25.774Z
info - status updated successfully - 2025-01-12T18:01:22.001Z
error - updatedResult is not defined - 2025-01-12T18:02:17.924Z
info - status updated successfully - 2025-01-12T18:02:41.997Z
info - status updated successfully - 2025-01-12T18:04:12.150Z
info - status updated successfully - 2025-01-12T18:05:01.897Z
info - logged in successfully - 2025-01-12T18:05:06.090Z
error - setResponse is not defined - 2025-01-13T08:10:55.565Z
error - SUCCESS is not defined - 2025-01-13T08:11:20.702Z
info - post created successfully - 2025-01-13T08:12:15.461Z
error - User is not authorized - 2025-01-13T08:23:14.068Z
info - logged in successfully - 2025-01-13T08:23:24.815Z
error - User is not authorized - 2025-01-13T08:23:51.914Z
error - jwt is not defined - 2025-01-13T08:24:47.754Z
error - req.isAuthorized is not a function - 2025-01-13T08:25:17.251Z
info - post created successfully - 2025-01-13T08:25:17.255Z
info - post created successfully - 2025-01-13T08:25:47.061Z
info - logged in successfully - 2025-01-13T08:26:46.311Z
info - post created successfully - 2025-01-13T08:26:59.145Z
info - post created successfully - 2025-01-13T08:47:20.179Z
info - posts retrieved successfully - 2025-01-13T08:52:29.083Z
error - User is not authorized - 2025-01-13T08:54:25.649Z
info - post deleted successfully - 2025-01-13T08:54:44.662Z
info - post created successfully - 2025-01-13T08:55:04.600Z
error - Session expired Login again - 2025-01-13T09:53:02.416Z
info - logged in successfully - 2025-01-13T09:53:06.799Z
info - post created successfully - 2025-01-13T09:53:23.335Z
error - User is not authorized - 2025-01-13T09:53:50.738Z
info - retrevied for email - 2025-01-13T09:54:32.459Z
info - retrevied for email - 2025-01-13T09:55:18.802Z
info - retrevied for email - 2025-01-13T09:56:39.479Z
info - retrevied for email - 2025-01-13T09:57:23.010Z
info - retrevied for email - 2025-01-13T10:01:05.738Z
info - posts retrieved successfully - 2025-01-13T10:01:35.393Z
error - Session expired Login again - 2025-02-03T09:45:39.181Z
error - Employee already signed up - 2025-02-03T09:48:31.424Z
info - posts retrieved successfully - 2025-02-03T12:50:57.878Z
info - posts retrieved successfully - 2025-02-03T12:51:13.582Z
info - posts retrieved successfully - 2025-02-03T12:52:39.560Z
info - posts retrieved successfully - 2025-02-03T12:58:41.479Z
info - posts retrieved successfully - 2025-02-03T12:58:44.034Z
info - posts retrieved successfully - 2025-02-03T12:59:23.893Z
error - No more pending employees found - 2025-02-22T08:13:00.436Z
error - Employee not found to sign up - 2025-02-22T08:13:10.764Z
error - Employee not found to sign up - 2025-02-22T08:14:47.972Z
error - Employee not found to sign up - 2025-02-22T08:14:52.656Z
error - Employee not found to sign up - 2025-02-22T08:15:23.361Z
error - Employee already signed up - 2025-02-22T08:15:46.606Z
info - Signed in sucessfully, wait for approval - 2025-02-22T08:16:15.413Z
error - No more pending employees found - 2025-02-22T08:16:19.564Z
error - No more pending employees found - 2025-02-22T08:16:21.959Z
info - Signed in sucessfully, wait for approval - 2025-02-22T08:18:59.589Z
info - Signed in sucessfully, wait for approval - 2025-02-22T08:19:44.046Z
info - Signed in sucessfully, wait for approval - 2025-02-22T08:23:48.089Z
info - Fetched pending employees successfully - 2025-02-22T08:23:56.336Z
info - Signed in sucessfully, wait for approval - 2025-02-22T11:18:40.289Z
info - Fetched pending employees successfully - 2025-02-22T11:20:09.425Z
info - status updated successfully - 2025-02-22T11:20:47.167Z
info - status updated successfully - 2025-02-22T11:32:25.241Z
info - status updated successfully - 2025-02-22T11:34:01.687Z
info - status updated successfully - 2025-02-22T11:34:38.866Z
error - Employee already signed up - 2025-02-22T11:40:49.478Z
error - hasTwoDaysPassed is not defined - 2025-02-22T12:05:04.952Z
error - date is not defined - 2025-02-22T12:05:19.739Z
error - date is not defined - 2025-02-22T12:05:59.712Z
error - Employee already signed up - 2025-02-22T12:07:16.047Z
error - Employee have been rejected try again after 2 days - 2025-02-22T12:07:36.331Z
error - id is not defined - 2025-02-22T12:08:53.727Z
info - Signed in sucessfully, wait for approval - 2025-02-22T12:09:12.845Z
info - status updated successfully - 2025-02-22T15:25:47.216Z
info - Signed in sucessfully, wait for approval - 2025-02-22T15:26:41.076Z
info - status updated successfully - 2025-02-22T15:28:46.397Z
info - Fetched pending employees successfully - 2025-02-23T07:41:01.502Z
info - posts retrieved successfully - 2025-03-04T10:29:45.719Z
error - Cannot destructure property 'email' of 'user' as it is undefined. - 2025-03-04T10:37:48.515Z
error - Cannot destructure property 'email' of 'user' as it is undefined. - 2025-03-04T10:39:23.107Z
error - Cannot read properties of undefined (reading 'email') - 2025-03-04T11:31:42.074Z
error - Cannot read properties of undefined (reading 'email') - 2025-03-04T11:53:02.231Z
info - posts retrieved successfully - 2025-03-04T11:55:29.604Z
error - validateRequestBody is not a function - 2025-03-15T07:21:35.667Z
error - validationResult.isEmpty is not a function - 2025-03-15T08:53:19.831Z
error - Employee not found to sign up - 2025-03-15T08:54:31.903Z
error - Missing payload - 2025-03-15T09:00:12.436Z
error - Missing payload - 2025-03-15T09:01:51.712Z
error - req is not defined - 2025-03-15T09:06:30.116Z
error - Missing payload - 2025-03-15T09:06:42.281Z
error - Missing payload - 2025-03-15T09:07:57.290Z
error - Missing required payload - name,employeeId - 2025-03-15T09:09:00.230Z
error - Payload validation failed - [object Object],[object Object] - 2025-03-15T09:16:01.076Z
error - Payload validation failed - [{"type":"field","msg":"name is required","path":"name","location":"body"},{"type":"field","msg":"employeeId is required","path":"employeeId","location":"body"}] - 2025-03-15T09:16:15.942Z
error - Payload validation failed - name - undefined,employeeId - undefined - 2025-03-15T09:17:17.774Z
error - Payload validation failed - name - name is required,employeeId - employeeId is required - 2025-03-15T09:17:42.352Z
error - Payload validation failed - name is required,employeeId is required - 2025-03-15T09:18:20.429Z
error - Payload validation failed - employeeId is required,employeeId is required - 2025-03-15T09:19:56.004Z
error - Payload validation failed - employeeId is required,employeeId is required - 2025-03-15T09:20:32.997Z
error - Payload validation failed - employeeId is required - 2025-03-15T09:20:44.337Z
error - Payload validation failed - employeeId is required - 2025-03-15T09:21:57.839Z
error - Payload validation failed - employeeId is required - 2025-03-15T09:22:10.927Z
error - Payload validation failed - employeeId is required - 2025-03-15T09:22:29.979Z
error - Payload validation failed - employeeId should be number - 2025-03-15T09:22:34.041Z
error - Payload validation failed - employeeId should be number - 2025-03-15T09:23:39.740Z
error - Payload validation failed - employeeId should be number - 2025-03-15T09:23:47.162Z
error - Payload validation failed - employeeId should be number - 2025-03-15T09:23:55.011Z
error - Payload validation failed - employeeId should be number - 2025-03-15T09:23:58.844Z
error - Payload validation failed - employeeId should be number - 2025-03-15T09:25:09.282Z
error - User is not authorized - 2025-03-16T17:43:22.452Z
error - User is not authorized - 2025-03-16T17:45:01.673Z
error - User is not authorized - 2025-03-16T17:45:06.579Z
error - User is not authorized - 2025-03-16T17:48:02.090Z
error - User is not authorized - 2025-03-16T17:48:45.402Z
info - logged in successfully - 2025-03-16T17:48:56.044Z
info - logged in successfully - 2025-03-16T17:49:10.077Z
info - logged in successfully - 2025-03-16T17:50:21.688Z
info - logged in successfully - 2025-03-16T17:50:44.499Z
error - User is not authorized - 2025-03-16T17:53:29.130Z
error - User is not authorized - 2025-03-16T17:55:47.179Z
error - User is not authorized - 2025-03-16T17:57:00.548Z
error - Session expired Login again - 2025-03-16T18:03:47.730Z
error - Session expired Login again - 2025-03-16T18:04:51.828Z
error - Payload validation failed - attachment is required - 2025-03-16T18:05:15.876Z
info - post created successfully - 2025-03-16T18:06:59.001Z
error - Cast to ObjectId failed for value "1212" (type string) at path "_id" for model "posts" - 2025-03-16T18:09:06.389Z
error - Cast to ObjectId failed for value ""1212"" (type string) at path "_id" for model "posts" - 2025-03-16T18:09:16.711Z
error - Cast to ObjectId failed for value "1212" (type string) at path "_id" for model "posts" - 2025-03-16T18:09:41.864Z
error - Cast to ObjectId failed for value "1212" (type string) at path "_id" for model "posts" - 2025-03-16T18:10:46.561Z
error - Cast to ObjectId failed for value "1212" (type string) at path "_id" for model "posts" - 2025-03-16T18:11:11.606Z
error - Operation `posts.find()` buffering timed out after 10000ms - 2025-03-16T18:12:01.767Z
error - Operation `posts.find()` buffering timed out after 10000ms - 2025-03-16T18:12:45.227Z
error - Operation `posts.find()` buffering timed out after 10000ms - 2025-03-16T18:13:40.002Z
info - posts retrieved successfully - 2025-03-16T18:15:13.889Z
info - like updated for the post - 2025-03-16T18:19:03.150Z
error - Unable to delete posts - 2025-03-16T18:20:23.164Z
error - Payload validation failed - employeeId is required - 2025-05-30T15:21:56.133Z
error - Employee fetch failed - 2025-05-30T15:28:31.568Z
info - Signed in sucessfully, wait for approval - 2025-05-30T15:30:15.837Z
error - Payload validation failed - employeeId is required - 2025-05-30T15:30:52.516Z
error - Incorrect password - 2025-05-30T15:30:58.311Z
error - Employee not found - 2025-05-30T15:31:22.472Z
info - logged in successfully - 2025-05-30T15:31:26.921Z
error - No more pending employees found - 2025-05-30T15:31:50.849Z
info - Signed in sucessfully, wait for approval - 2025-05-30T15:33:26.026Z
info - Fetched pending employees successfully - 2025-05-30T15:34:55.073Z
error - Session expired Login again - 2025-05-30T15:39:09.172Z
info - logged in successfully - 2025-05-30T15:39:13.985Z
info - status updated successfully - 2025-05-30T15:39:25.190Z
error - your account is rejected, register after 2 days - 2025-05-30T15:41:52.012Z
error - Employee have been rejected try again after 2 days - 2025-05-30T15:41:58.067Z
info - logged in successfully - 2025-05-30T15:58:27.303Z
error - employeeId cannot be updated - 2025-05-30T16:03:45.106Z
info - profile updated successfully - 2025-05-30T16:04:01.924Z
error - User not found for id - ${id} - 2025-05-30T16:05:28.955Z
error - Session expired Login again - 2025-05-30T16:05:38.058Z
info - logged in successfully - 2025-05-30T16:05:43.400Z
info - employee details fetched successfully - 2025-05-30T16:06:00.644Z
error - User not found for id - ${id} - 2025-05-30T16:06:05.920Z
error - User not found for id - ${id} - 2025-05-30T16:06:11.200Z
error - User not found for id - ${id} - 2025-05-30T16:06:23.570Z
error - User not found for id - ${id} - 2025-05-30T16:06:48.721Z
error - User not found for id - ${id} - 2025-05-30T16:07:20.878Z
error - User not found for id - ${id} - 2025-05-30T16:07:37.515Z
error - No changes to be updated - 2025-05-30T16:09:02.381Z
error - No changes to be updated - 2025-05-30T16:09:13.419Z
error - No changes to be updated - 2025-05-30T16:09:51.030Z
error - User not found for id - 16751 - 2025-05-30T16:09:52.972Z
error - No changes to be updated - 2025-05-30T16:09:54.905Z
info - profile updated successfully - 2025-05-30T16:09:59.231Z
error - Cannot read properties of undefined (reading 'employeeId') - 2025-05-30T16:19:58.019Z
error - Cannot read properties of undefined (reading 'employeeId') - 2025-05-30T16:20:36.192Z
error - No changes to be updated - 2025-05-30T16:21:12.169Z
info - profile updated successfully - 2025-05-30T16:21:43.119Z
info - profile updated successfully - 2025-05-30T16:21:46.374Z
error - Session expired Login again - 2025-05-30T17:47:32.927Z
error - Session expired Login again - 2025-05-30T17:47:41.680Z
info - logged in successfully - 2025-05-30T17:47:44.795Z
error - Session expired Login again - 2025-05-30T18:20:56.604Z
info - logged in successfully - 2025-05-30T18:21:00.104Z
info - post created successfully - 2025-05-30T18:21:15.371Z
error - Session expired Login again - 2025-05-30T18:21:19.507Z
error - Session expired Login again - 2025-05-30T18:25:52.543Z
error - Session expired Login again - 2025-05-30T18:26:50.652Z
info - posts retrieved successfully - 2025-05-30T18:26:57.006Z
info - like updated for the post - 2025-05-30T18:29:59.556Z
info - comment updated for the post - 2025-05-30T18:31:24.512Z
error - Unable to find post - 2025-05-30T18:36:27.780Z
error - Unable to find post - 2025-05-30T18:38:01.757Z
error - Unable to find post - 2025-05-30T18:38:19.896Z
error - Unable to find post - 2025-05-30T18:38:39.879Z
info - like updated for the post - 2025-05-30T18:43:23.038Z
info - like updated for the post - 2025-05-30T18:43:32.445Z
info - like updated for the post - 2025-05-30T18:43:33.685Z
error - You have already liked this post - 2025-05-30T18:53:07.481Z
error - Cast to ObjectId failed for value "6839f71b021a2abf12b85ac62" (type string) at path "_id" for model "posts" - 2025-05-30T18:53:13.939Z
error - Unable to find post - 2025-05-30T18:53:19.536Z
info - comment updated for the post - 2025-05-30T18:57:38.889Z
error - Session expired Login again - 2025-05-30T19:16:15.558Z
info - logged in successfully - 2025-05-30T19:16:20.830Z
error - Payload validation failed - comment is required - 2025-05-30T19:16:31.784Z
info - comment updated for the post - 2025-05-30T19:16:38.844Z
error - Session expired Login again - 2025-05-30T19:17:16.695Z
info - retrevied for posts email - 2025-05-30T19:17:25.218Z
info - like updated for the post - 2025-05-30T19:20:12.723Z
info - search posts successfully - 2025-05-30T19:23:42.879Z
info - search posts successfully - 2025-05-30T19:24:33.275Z
info - search posts successfully - 2025-05-30T19:24:59.136Z
info - search posts successfully - 2025-05-30T19:30:43.906Z
info - search posts successfully - 2025-05-30T19:32:09.629Z
info - search posts successfully - 2025-05-30T19:33:01.363Z
info - search posts successfully - 2025-05-30T19:33:55.535Z
info - search posts successfully - 2025-05-30T19:34:40.090Z
info - search posts successfully - 2025-05-30T19:35:35.850Z
info - search posts successfully - 2025-05-30T19:35:37.804Z
info - search posts successfully - 2025-05-30T19:36:06.216Z
info - search posts successfully - 2025-05-30T19:37:52.711Z
info - search posts successfully - 2025-05-30T19:38:24.077Z
info - search posts successfully - 2025-05-30T19:38:39.804Z
info - search posts successfully - 2025-05-30T19:38:43.237Z
info - search posts successfully - 2025-05-30T19:41:37.054Z
